MOTIF-1,AAGGTTCC,0,12,+,0.981141,800,1.52587890625e-05
MOTIF-1,AAGGTTCC,1,12,+,0.981141,800,1.52587890625e-05
MOTIF-1,AAGGTTCC,2,12,-,0.981141,800,1.52587890625e-05
MOTIF-2,CCTTGGAA,0,24,+,0.981141,800,1.52587890625e-05
MOTIF-2,CCTTGGAA,1,24,+,0.981141,800,1.52587890625e-05
MOTIF-2,CCTTGGAA,2,24,+,0.981141,800,1.52587890625e-05
